// Jest Snapshot v1, https://goo.gl/fbAQLP

exports[`MediaFeed should render snapshot 1`] = `ShallowWrapper {}`;

exports[`ProgressBar should render snapshot 1`] = `ShallowWrapper {}`;
